// Jest Snapshot v1, https://goo.gl/fbAQLP

exports[`Rubric editor Rubric renders 1`] = `
<div
  className="rubric pad is-type-undefined"
>
  <h2
    contentEditable={false}
  >
    Assessment Scoring
  </h2>
  <p>
    The recorded score for this module is the highest assessment score, and will be sent to any connected gradebook.
     
  </p>
  <fieldset
    className="assessment-score"
  >
    <legend>
      How do you want to determine the recorded score?
    </legend>
    <label>
      <input
        checked={false}
        name="score-type"
        onChange={[Function]}
        onClick={[Function]}
        type="radio"
        value="highest"
      />
      Use the highest attempt score.
    </label>
    <label>
      <input
        checked={false}
        name="score-type"
        onChange={[Function]}
        onClick={[Function]}
        type="radio"
        value="pass-fail"
      />
      Calculate based on a threshold (pass/fail)...
    </label>
  </fieldset>
  <fieldset
    className="pass-fail"
  >
    <legend>
      Pass & Fail Rules
    </legend>
    <p>
      In this mode, students must achieve a certain threshold on an attempt to pass. The assessment score for each attempt will be set based on whether the student passes or fails, and the highest of these assessment scores will be used as the recorded score.
    </p>
    <div>
      <label>
        To 
        <b>
          pass
        </b>
        , students must achieve an attempt score of at least
        <input
          max="100"
          min="0"
          onChange={[Function]}
          onClick={[Function]}
          type="number"
        />
        %
      </label>
    </div>
    <div>
      <label>
        When 
        <b>
          passing
        </b>
        , set the assessment score to
        <select
          onChange={[Function]}
          onClick={[Function]}
        >
          <option
            value="$attempt_score"
          >
            The attempt score
          </option>
          <option
            value="set-value"
          >
            Specified value
          </option>
        </select>
      </label>
      <label
        className=" is-not-enabled"
      >
        <input
          disabled={true}
          max="100"
          min="0"
          onChange={[Function]}
          onClick={[Function]}
          type="number"
        />
        %
      </label>
    </div>
    <div>
      <label>
        When 
        <b>
          failing
        </b>
        ,
        <select
          onChange={[Function]}
          onClick={[Function]}
        >
          <option
            value="$attempt_score"
          >
            Set the assessment score to the attempt score
          </option>
          <option
            value="no-score"
          >
            Don't set the score (no score will be sent to the gradebook)
          </option>
          <option
            value="set-value"
          >
            Set the assessment score to specified value
          </option>
        </select>
      </label>
      <label
        className=" is-not-enabled"
      >
        <input
          disabled={true}
          max="100"
          min="0"
          onChange={[Function]}
          onClick={[Function]}
          type="number"
        />
        %
      </label>
    </div>
    <div>
      <label>
        And if the student is 
        <b>
          out of attempts and still did not pass
        </b>
        ,
        <select
          onChange={[Function]}
          onClick={[Function]}
        >
          <option
            value="no-value"
          >
            Don't do anything, the failing rule will still apply
          </option>
          <option
            value="$highest_attempt_score"
          >
            Set the assessment score to the highest attempt score
          </option>
          <option
            value="no-score"
          >
            Don't set assessment the score (no score will be sent to the gradebook)
          </option>
          <option
            value="set-value"
          >
            Set the assessment score to specified value
          </option>
        </select>
      </label>
      <label
        className=" is-not-enabled"
      >
        <input
          disabled={true}
          max="100"
          min="0"
          onChange={[Function]}
          onClick={[Function]}
          type="number"
        />
        %
      </label>
    </div>
  </fieldset>
  <div
    className="mods"
  >
    <div
      className="title"
    >
      Extra Credit & Penalties
    </div>
    <div
      className="obojobo-draft--components--button alt-action is-not-dangerous align-center"
    >
      <button
        className="button"
        contentEditable={false}
        onClick={[Function]}
      >
        Edit...
      </button>
    </div>
    <ul>
      <li>
        <b>
          <span
            className="reward"
          >
            Add
          </span>
           
          3
          %
        </b>
        <span>
           If a student passes on 
          the last attempt
           
        </span>
      </li>
      <li>
        <b>
          <span
            className="reward"
          >
            Add
          </span>
           
          3
          %
        </b>
        <span>
           If a student passes on 
          attempt 1
           
        </span>
      </li>
      <li>
        <b>
          <span
            className="deduct"
          >
            Deduct
          </span>
           
          3
          %
        </b>
        <span>
           
          If a student passes on attempt 
          1
           through 
          the last attempt
           
        </span>
      </li>
      <li>
        <b>
          <span
            className="deduct"
          >
            Deduct
          </span>
           
          3
          %
        </b>
        <span>
           
          If a student passes on attempt 
          the last attempt
           through 
          5
           
        </span>
      </li>
    </ul>
  </div>
</div>
`;
