// Jest Snapshot v1, https://goo.gl/fbAQLP

exports[`MCChoice Editor Node MCChoice component 1`] = `
<div
  className="component obojobo-draft--chunks--mc-assessment--mc-choice is-not-correct is-not-selected editor-mc-choice"
>
  <div
    className="obojobo-draft--components--button is-not-dangerous align-center delete-button"
  >
    <button
      className="button"
      onClick={[Function]}
    >
      ×
    </button>
  </div>
  <button
    className="correct-button"
    onClick={[Function]}
  >
    ✖
  </button>
  <div
    className="children"
  />
  <button
    className="add-feedback"
    onClick={[Function]}
  >
    Add Feedback
  </button>
</div>
`;

exports[`MCChoice Editor Node MCChoice component correct choice 1`] = `
<div
  className="component obojobo-draft--chunks--mc-assessment--mc-choice is-correct is-not-selected editor-mc-choice"
>
  <div
    className="obojobo-draft--components--button is-not-dangerous align-center delete-button"
  >
    <button
      className="button"
      onClick={[Function]}
    >
      ×
    </button>
  </div>
  <button
    className="correct-button"
    onClick={[Function]}
  >
    ✔
  </button>
  <div
    className="children"
  />
</div>
`;

exports[`MCChoice Editor Node MCChoice component deletes itself 1`] = `"<div class=\\"component obojobo-draft--chunks--mc-assessment--mc-choice is-not-correct is-not-selected editor-mc-choice\\"><div class=\\"obojobo-draft--components--button is-not-dangerous align-center delete-button\\"><button class=\\"button\\">×</button></div><button class=\\"correct-button\\">✖</button><div class=\\"children\\"></div><button class=\\"add-feedback\\">Add Feedback</button></div>"`;
