// Jest Snapshot v1, https://goo.gl/fbAQLP

exports[`ChoiceList Editor Node ChoiceList builds the expected component 1`] = `
Array [
  <span
    className="instructions"
  >
    Pick all of the correct answers
     
  </span>,
  <div
    className="obojobo-draft--components--button is-not-dangerous align-center choice-button pad"
  >
    <button
      className="button"
      onClick={[Function]}
    >
      + Add Choice
    </button>
  </div>,
]
`;

exports[`ChoiceList Editor Node ChoiceList component adds choice 1`] = `"<span class=\\"instructions\\">Pick all of the correct answers </span><div class=\\"obojobo-draft--components--button is-not-dangerous align-center choice-button pad\\"><button class=\\"button\\">+ Add Choice</button></div>"`;
