// Jest Snapshot v1, https://goo.gl/fbAQLP

exports[`SimpleMessage SimpleMessage component 1`] = `
Array [
  <p>
    Content
  </p>,
  <button
    onClick={[Function]}
  >
    OK
  </button>,
]
`;
