// Jest Snapshot v1, https://goo.gl/fbAQLP

exports[`Image Properties Modal ImageProperties Component handles content.url as expected 1`] = `"<div id=\\"choose-image-modal-mock-id\\">MockChooseImageModal<button>Cancel</button><button>OK</button></div>"`;

exports[`Image Properties Modal ImageProperties component 1`] = `"<div class=\\"obojobo-draft--components--modal--simple-dialog\\"><div class=\\"obojobo-draft--components--modal--dialog \\"><div class=\\"obojobo-draft--components--modal--modal\\" role=\\"dialog\\" aria-labelledby=\\"obojobo-draft--components--modal--modal--content\\"><input class=\\"first-tab\\" type=\\"text\\"><div class=\\"content\\" id=\\"obojobo-draft--components--modal--modal--content\\"><h1 class=\\"heading\\" style=\\"text-align: center;\\">Image Properties</h1><div class=\\"dialog-content\\" style=\\"text-align: center;\\"><div class=\\"image-properties\\"><div><div class=\\"flex-container image-container\\"><div>MockImage</div><div class=\\"obojobo-draft--components--button alt-action is-not-dangerous align-center\\"><button class=\\"button\\" contenteditable=\\"false\\">Change Image...</button></div></div><label for=\\"obojobo-draft--chunks--figure--alt\\">Alt Text:</label><input type=\\"text\\" id=\\"obojobo-draft--chunks--figure--alt\\" size=\\"50\\" placeholder=\\"Describe the Image\\" value=\\"\\"><label for=\\"obojobo-draft--chunks--figure--size\\">Size:</label><div id=\\"obojobo-draft--chunks--figure--size\\" role=\\"radiogroup\\" aria-label=\\"Select size for image\\"><div class=\\"size-input\\"><input type=\\"radio\\" name=\\"size\\" id=\\"obojobo-draft--chunks--figure--size-large\\" value=\\"large\\"><label for=\\"obojobo-draft--chunks--figure--size-large\\">Large</label></div><div class=\\"size-input\\"><input type=\\"radio\\" name=\\"size\\" id=\\"obojobo-draft--chunks--figure--size-medium\\" value=\\"medium\\"><label for=\\"obojobo-draft--chunks--figure--size-medium\\">Medium</label></div><div class=\\"size-input\\"><input type=\\"radio\\" name=\\"size\\" id=\\"obojobo-draft--chunks--figure--size-small\\" value=\\"small\\"><label for=\\"obojobo-draft--chunks--figure--size-small\\">Small</label></div><div class=\\"size-input\\"><input type=\\"radio\\" name=\\"size\\" id=\\"obojobo-draft--chunks--figure--size-custom\\" value=\\"custom\\"><label for=\\"obojobo-draft--chunks--figure--size-custom\\">Custom</label></div></div></div></div></div><div class=\\"controls\\"><div class=\\"obojobo-draft--components--button alt-action is-not-dangerous align-center\\"><button class=\\"button\\" contenteditable=\\"false\\">Cancel</button></div><div class=\\"obojobo-draft--components--button is-not-dangerous align-center\\"><button class=\\"button\\" contenteditable=\\"false\\" tabindex=\\"0\\">OK</button></div></div></div><input class=\\"last-tab\\" type=\\"text\\"></div></div></div>"`;

exports[`Image Properties Modal ImageProperties component calls onConfirm when click "OK" 1`] = `"<div class=\\"obojobo-draft--components--modal--simple-dialog\\"><div class=\\"obojobo-draft--components--modal--dialog \\"><div class=\\"obojobo-draft--components--modal--modal\\" role=\\"dialog\\" aria-labelledby=\\"obojobo-draft--components--modal--modal--content\\"><input class=\\"first-tab\\" type=\\"text\\"><div class=\\"content\\" id=\\"obojobo-draft--components--modal--modal--content\\"><h1 class=\\"heading\\" style=\\"text-align: center;\\">Image Properties</h1><div class=\\"dialog-content\\" style=\\"text-align: center;\\"><div class=\\"image-properties\\"><div><div class=\\"flex-container image-container\\"><div>MockImage</div><div class=\\"obojobo-draft--components--button alt-action is-not-dangerous align-center\\"><button class=\\"button\\" contenteditable=\\"false\\">Change Image...</button></div></div><label for=\\"obojobo-draft--chunks--figure--alt\\">Alt Text:</label><input type=\\"text\\" id=\\"obojobo-draft--chunks--figure--alt\\" size=\\"50\\" placeholder=\\"Describe the Image\\" value=\\"\\"><label for=\\"obojobo-draft--chunks--figure--size\\">Size:</label><div id=\\"obojobo-draft--chunks--figure--size\\" role=\\"radiogroup\\" aria-label=\\"Select size for image\\"><div class=\\"size-input\\"><input type=\\"radio\\" name=\\"size\\" id=\\"obojobo-draft--chunks--figure--size-large\\" value=\\"large\\"><label for=\\"obojobo-draft--chunks--figure--size-large\\">Large</label></div><div class=\\"size-input\\"><input type=\\"radio\\" name=\\"size\\" id=\\"obojobo-draft--chunks--figure--size-medium\\" value=\\"medium\\"><label for=\\"obojobo-draft--chunks--figure--size-medium\\">Medium</label></div><div class=\\"size-input\\"><input type=\\"radio\\" name=\\"size\\" id=\\"obojobo-draft--chunks--figure--size-small\\" value=\\"small\\"><label for=\\"obojobo-draft--chunks--figure--size-small\\">Small</label></div><div class=\\"size-input\\"><input type=\\"radio\\" name=\\"size\\" id=\\"obojobo-draft--chunks--figure--size-custom\\" value=\\"custom\\"><label for=\\"obojobo-draft--chunks--figure--size-custom\\">Custom</label></div></div></div></div></div><div class=\\"controls\\"><div class=\\"obojobo-draft--components--button alt-action is-not-dangerous align-center\\"><button class=\\"button\\" contenteditable=\\"false\\">Cancel</button></div><div class=\\"obojobo-draft--components--button is-not-dangerous align-center\\"><button class=\\"button\\" contenteditable=\\"false\\" tabindex=\\"0\\">OK</button></div></div></div><input class=\\"last-tab\\" type=\\"text\\"></div></div></div>"`;

exports[`Image Properties Modal ImageProperties component does not focus if ChooseImageModal is opened 1`] = `"<div id=\\"choose-image-modal-mock-id\\">MockChooseImageModal<button>Cancel</button><button>OK</button></div>"`;

exports[`Image Properties Modal ImageProperties component focuses on first element 1`] = `"<div class=\\"obojobo-draft--components--modal--simple-dialog\\"><div class=\\"obojobo-draft--components--modal--dialog \\"><div class=\\"obojobo-draft--components--modal--modal\\" role=\\"dialog\\" aria-labelledby=\\"obojobo-draft--components--modal--modal--content\\"><input class=\\"first-tab\\" type=\\"text\\"><div class=\\"content\\" id=\\"obojobo-draft--components--modal--modal--content\\"><h1 class=\\"heading\\" style=\\"text-align: center;\\">Image Properties</h1><div class=\\"dialog-content\\" style=\\"text-align: center;\\"><div class=\\"image-properties\\"><div><div class=\\"flex-container image-container\\"><div>MockImage</div><div class=\\"obojobo-draft--components--button alt-action is-not-dangerous align-center\\"><button class=\\"button\\" contenteditable=\\"false\\" tabindex=\\"0\\">Change Image...</button></div></div><label for=\\"obojobo-draft--chunks--figure--alt\\">Alt Text:</label><input type=\\"text\\" id=\\"obojobo-draft--chunks--figure--alt\\" size=\\"50\\" placeholder=\\"Describe the Image\\" value=\\"\\"><label for=\\"obojobo-draft--chunks--figure--size\\">Size:</label><div id=\\"obojobo-draft--chunks--figure--size\\" role=\\"radiogroup\\" aria-label=\\"Select size for image\\"><div class=\\"size-input\\"><input type=\\"radio\\" name=\\"size\\" id=\\"obojobo-draft--chunks--figure--size-large\\" value=\\"large\\"><label for=\\"obojobo-draft--chunks--figure--size-large\\">Large</label></div><div class=\\"size-input\\"><input type=\\"radio\\" name=\\"size\\" id=\\"obojobo-draft--chunks--figure--size-medium\\" value=\\"medium\\"><label for=\\"obojobo-draft--chunks--figure--size-medium\\">Medium</label></div><div class=\\"size-input\\"><input type=\\"radio\\" name=\\"size\\" id=\\"obojobo-draft--chunks--figure--size-small\\" value=\\"small\\"><label for=\\"obojobo-draft--chunks--figure--size-small\\">Small</label></div><div class=\\"size-input\\"><input type=\\"radio\\" name=\\"size\\" id=\\"obojobo-draft--chunks--figure--size-custom\\" value=\\"custom\\"><label for=\\"obojobo-draft--chunks--figure--size-custom\\">Custom</label></div></div></div></div></div><div class=\\"controls\\"><div class=\\"obojobo-draft--components--button alt-action is-not-dangerous align-center\\"><button class=\\"button\\" contenteditable=\\"false\\">Cancel</button></div><div class=\\"obojobo-draft--components--button is-not-dangerous align-center\\"><button class=\\"button\\" contenteditable=\\"false\\" tabindex=\\"0\\">OK</button></div></div></div><input class=\\"last-tab\\" type=\\"text\\"></div></div></div>"`;

exports[`Image Properties Modal ImageProperties component opens ChooseImageModal component and clicks \`OK\` 1`] = `"<div class=\\"obojobo-draft--components--modal--simple-dialog\\"><div class=\\"obojobo-draft--components--modal--dialog \\"><div class=\\"obojobo-draft--components--modal--modal\\" role=\\"dialog\\" aria-labelledby=\\"obojobo-draft--components--modal--modal--content\\"><input class=\\"first-tab\\" type=\\"text\\"><div class=\\"content\\" id=\\"obojobo-draft--components--modal--modal--content\\"><h1 class=\\"heading\\" style=\\"text-align: center;\\">Image Properties</h1><div class=\\"dialog-content\\" style=\\"text-align: center;\\"><div class=\\"image-properties\\"><div><div class=\\"flex-container image-container\\"><div>MockImage</div><div class=\\"obojobo-draft--components--button alt-action is-not-dangerous align-center\\"><button class=\\"button\\" contenteditable=\\"false\\">Change Image...</button></div></div><label for=\\"obojobo-draft--chunks--figure--alt\\">Alt Text:</label><input type=\\"text\\" id=\\"obojobo-draft--chunks--figure--alt\\" size=\\"50\\" placeholder=\\"Describe the Image\\" value=\\"\\"><label for=\\"obojobo-draft--chunks--figure--size\\">Size:</label><div id=\\"obojobo-draft--chunks--figure--size\\" role=\\"radiogroup\\" aria-label=\\"Select size for image\\"><div class=\\"size-input\\"><input type=\\"radio\\" name=\\"size\\" id=\\"obojobo-draft--chunks--figure--size-large\\" value=\\"large\\"><label for=\\"obojobo-draft--chunks--figure--size-large\\">Large</label></div><div class=\\"size-input\\"><input type=\\"radio\\" name=\\"size\\" id=\\"obojobo-draft--chunks--figure--size-medium\\" value=\\"medium\\"><label for=\\"obojobo-draft--chunks--figure--size-medium\\">Medium</label></div><div class=\\"size-input\\"><input type=\\"radio\\" name=\\"size\\" id=\\"obojobo-draft--chunks--figure--size-small\\" value=\\"small\\"><label for=\\"obojobo-draft--chunks--figure--size-small\\">Small</label></div><div class=\\"size-input\\"><input type=\\"radio\\" name=\\"size\\" id=\\"obojobo-draft--chunks--figure--size-custom\\" value=\\"custom\\"><label for=\\"obojobo-draft--chunks--figure--size-custom\\">Custom</label></div></div></div></div></div><div class=\\"controls\\"><div class=\\"obojobo-draft--components--button alt-action is-not-dangerous align-center\\"><button class=\\"button\\" contenteditable=\\"false\\">Cancel</button></div><div class=\\"obojobo-draft--components--button is-not-dangerous align-center\\"><button class=\\"button\\" contenteditable=\\"false\\" tabindex=\\"0\\">OK</button></div></div></div><input class=\\"last-tab\\" type=\\"text\\"></div></div></div>"`;

exports[`Image Properties Modal ImageProperties component renders when click \`Change Image...\` 1`] = `"<div id=\\"choose-image-modal-mock-id\\">MockChooseImageModal<button>Cancel</button><button>OK</button></div>"`;

exports[`Image Properties Modal ImageProperties component with a url opens ChooseImageModal component and clicks \`Cancel\` 1`] = `"<div class=\\"obojobo-draft--components--modal--simple-dialog\\"><div class=\\"obojobo-draft--components--modal--dialog \\"><div class=\\"obojobo-draft--components--modal--modal\\" role=\\"dialog\\" aria-labelledby=\\"obojobo-draft--components--modal--modal--content\\"><input class=\\"first-tab\\" type=\\"text\\"><div class=\\"content\\" id=\\"obojobo-draft--components--modal--modal--content\\"><h1 class=\\"heading\\" style=\\"text-align: center;\\">Image Properties</h1><div class=\\"dialog-content\\" style=\\"text-align: center;\\"><div class=\\"image-properties\\"><div><div class=\\"flex-container image-container\\"><div>MockImage</div><div class=\\"obojobo-draft--components--button alt-action is-not-dangerous align-center\\"><button class=\\"button\\" contenteditable=\\"false\\">Change Image...</button></div></div><label for=\\"obojobo-draft--chunks--figure--alt\\">Alt Text:</label><input type=\\"text\\" id=\\"obojobo-draft--chunks--figure--alt\\" size=\\"50\\" placeholder=\\"Describe the Image\\" value=\\"\\"><label for=\\"obojobo-draft--chunks--figure--size\\">Size:</label><div id=\\"obojobo-draft--chunks--figure--size\\" role=\\"radiogroup\\" aria-label=\\"Select size for image\\"><div class=\\"size-input\\"><input type=\\"radio\\" name=\\"size\\" id=\\"obojobo-draft--chunks--figure--size-large\\" value=\\"large\\"><label for=\\"obojobo-draft--chunks--figure--size-large\\">Large</label></div><div class=\\"size-input\\"><input type=\\"radio\\" name=\\"size\\" id=\\"obojobo-draft--chunks--figure--size-medium\\" value=\\"medium\\"><label for=\\"obojobo-draft--chunks--figure--size-medium\\">Medium</label></div><div class=\\"size-input\\"><input type=\\"radio\\" name=\\"size\\" id=\\"obojobo-draft--chunks--figure--size-small\\" value=\\"small\\"><label for=\\"obojobo-draft--chunks--figure--size-small\\">Small</label></div><div class=\\"size-input\\"><input type=\\"radio\\" name=\\"size\\" id=\\"obojobo-draft--chunks--figure--size-custom\\" value=\\"custom\\"><label for=\\"obojobo-draft--chunks--figure--size-custom\\">Custom</label></div></div></div></div></div><div class=\\"controls\\"><div class=\\"obojobo-draft--components--button alt-action is-not-dangerous align-center\\"><button class=\\"button\\" contenteditable=\\"false\\">Cancel</button></div><div class=\\"obojobo-draft--components--button is-not-dangerous align-center\\"><button class=\\"button\\" contenteditable=\\"false\\" tabindex=\\"0\\">OK</button></div></div></div><input class=\\"last-tab\\" type=\\"text\\"></div></div></div>"`;

exports[`Image Properties Modal ImageProperties component with allowedUploadTypes 1`] = `"<div class=\\"obojobo-draft--components--modal--simple-dialog\\"><div class=\\"obojobo-draft--components--modal--dialog \\"><div class=\\"obojobo-draft--components--modal--modal\\" role=\\"dialog\\" aria-labelledby=\\"obojobo-draft--components--modal--modal--content\\"><input class=\\"first-tab\\" type=\\"text\\"><div class=\\"content\\" id=\\"obojobo-draft--components--modal--modal--content\\"><h1 class=\\"heading\\" style=\\"text-align: center;\\">Image Properties</h1><div class=\\"dialog-content\\" style=\\"text-align: center;\\"><div class=\\"image-properties\\"><div><div class=\\"flex-container image-container\\"><div>MockImage</div><div class=\\"obojobo-draft--components--button alt-action is-not-dangerous align-center\\"><button class=\\"button\\" contenteditable=\\"false\\">Change Image...</button></div></div><label for=\\"obojobo-draft--chunks--figure--alt\\">Alt Text:</label><input type=\\"text\\" id=\\"obojobo-draft--chunks--figure--alt\\" size=\\"50\\" placeholder=\\"Describe the Image\\" value=\\"\\"><label for=\\"obojobo-draft--chunks--figure--size\\">Size:</label><div id=\\"obojobo-draft--chunks--figure--size\\" role=\\"radiogroup\\" aria-label=\\"Select size for image\\"><div class=\\"size-input\\"><input type=\\"radio\\" name=\\"size\\" id=\\"obojobo-draft--chunks--figure--size-large\\" value=\\"large\\"><label for=\\"obojobo-draft--chunks--figure--size-large\\">Large</label></div><div class=\\"size-input\\"><input type=\\"radio\\" name=\\"size\\" id=\\"obojobo-draft--chunks--figure--size-medium\\" value=\\"medium\\"><label for=\\"obojobo-draft--chunks--figure--size-medium\\">Medium</label></div><div class=\\"size-input\\"><input type=\\"radio\\" name=\\"size\\" id=\\"obojobo-draft--chunks--figure--size-small\\" value=\\"small\\"><label for=\\"obojobo-draft--chunks--figure--size-small\\">Small</label></div><div class=\\"size-input\\"><input type=\\"radio\\" name=\\"size\\" id=\\"obojobo-draft--chunks--figure--size-custom\\" value=\\"custom\\" checked=\\"\\"><label for=\\"obojobo-draft--chunks--figure--size-custom\\">Custom</label><div class=\\"custom-size-inputs\\"><input id=\\"obojobo-draft--chunks--figure--custom-width\\" name=\\"custom-width\\" min=\\"1\\" max=\\"2000\\" step=\\"1\\" type=\\"number\\" placeholder=\\"Width\\" aria-label=\\"Width in pixels\\" value=\\"100\\"><span>px × </span><input id=\\"obojobo-draft--chunks--figure--custom-height\\" name=\\"custom-height\\" min=\\"1\\" max=\\"2000\\" step=\\"1\\" type=\\"number\\" placeholder=\\"Height\\" aria-label=\\"Height in pixels\\" value=\\"100\\"><span>px</span></div></div></div></div></div></div><div class=\\"controls\\"><div class=\\"obojobo-draft--components--button alt-action is-not-dangerous align-center\\"><button class=\\"button\\" contenteditable=\\"false\\">Cancel</button></div><div class=\\"obojobo-draft--components--button is-not-dangerous align-center\\"><button class=\\"button\\" contenteditable=\\"false\\" tabindex=\\"0\\">OK</button></div></div></div><input class=\\"last-tab\\" type=\\"text\\"></div></div></div>"`;

exports[`Image Properties Modal ImageProperties component with custom size 1`] = `"<div class=\\"obojobo-draft--components--modal--simple-dialog\\"><div class=\\"obojobo-draft--components--modal--dialog \\"><div class=\\"obojobo-draft--components--modal--modal\\" role=\\"dialog\\" aria-labelledby=\\"obojobo-draft--components--modal--modal--content\\"><input class=\\"first-tab\\" type=\\"text\\"><div class=\\"content\\" id=\\"obojobo-draft--components--modal--modal--content\\"><h1 class=\\"heading\\" style=\\"text-align: center;\\">Image Properties</h1><div class=\\"dialog-content\\" style=\\"text-align: center;\\"><div class=\\"image-properties\\"><div><div class=\\"flex-container image-container\\"><div>MockImage</div><div class=\\"obojobo-draft--components--button alt-action is-not-dangerous align-center\\"><button class=\\"button\\" contenteditable=\\"false\\">Change Image...</button></div></div><label for=\\"obojobo-draft--chunks--figure--alt\\">Alt Text:</label><input type=\\"text\\" id=\\"obojobo-draft--chunks--figure--alt\\" size=\\"50\\" placeholder=\\"Describe the Image\\" value=\\"\\"><label for=\\"obojobo-draft--chunks--figure--size\\">Size:</label><div id=\\"obojobo-draft--chunks--figure--size\\" role=\\"radiogroup\\" aria-label=\\"Select size for image\\"><div class=\\"size-input\\"><input type=\\"radio\\" name=\\"size\\" id=\\"obojobo-draft--chunks--figure--size-large\\" value=\\"large\\"><label for=\\"obojobo-draft--chunks--figure--size-large\\">Large</label></div><div class=\\"size-input\\"><input type=\\"radio\\" name=\\"size\\" id=\\"obojobo-draft--chunks--figure--size-medium\\" value=\\"medium\\"><label for=\\"obojobo-draft--chunks--figure--size-medium\\">Medium</label></div><div class=\\"size-input\\"><input type=\\"radio\\" name=\\"size\\" id=\\"obojobo-draft--chunks--figure--size-small\\" value=\\"small\\"><label for=\\"obojobo-draft--chunks--figure--size-small\\">Small</label></div><div class=\\"size-input\\"><input type=\\"radio\\" name=\\"size\\" id=\\"obojobo-draft--chunks--figure--size-custom\\" value=\\"custom\\" checked=\\"\\"><label for=\\"obojobo-draft--chunks--figure--size-custom\\">Custom</label><div class=\\"custom-size-inputs\\"><input id=\\"obojobo-draft--chunks--figure--custom-width\\" name=\\"custom-width\\" min=\\"1\\" max=\\"2000\\" step=\\"1\\" type=\\"number\\" placeholder=\\"Width\\" aria-label=\\"Width in pixels\\" value=\\"100\\"><span>px × </span><input id=\\"obojobo-draft--chunks--figure--custom-height\\" name=\\"custom-height\\" min=\\"1\\" max=\\"2000\\" step=\\"1\\" type=\\"number\\" placeholder=\\"Height\\" aria-label=\\"Height in pixels\\" value=\\"100\\"><span>px</span></div></div></div></div></div></div><div class=\\"controls\\"><div class=\\"obojobo-draft--components--button alt-action is-not-dangerous align-center\\"><button class=\\"button\\" contenteditable=\\"false\\">Cancel</button></div><div class=\\"obojobo-draft--components--button is-not-dangerous align-center\\"><button class=\\"button\\" contenteditable=\\"false\\" tabindex=\\"0\\">OK</button></div></div></div><input class=\\"last-tab\\" type=\\"text\\"></div></div></div>"`;

exports[`Image Properties Modal ImageProperties component without url opens ChooseImageModal component and clicks \`Cancel\` 1`] = `"<div class=\\"obojobo-draft--components--modal--simple-dialog\\"><div class=\\"obojobo-draft--components--modal--dialog \\"><div class=\\"obojobo-draft--components--modal--modal\\" role=\\"dialog\\" aria-labelledby=\\"obojobo-draft--components--modal--modal--content\\"><input class=\\"first-tab\\" type=\\"text\\"><div class=\\"content\\" id=\\"obojobo-draft--components--modal--modal--content\\"><h1 class=\\"heading\\" style=\\"text-align: center;\\">Image Properties</h1><div class=\\"dialog-content\\" style=\\"text-align: center;\\"><div class=\\"image-properties\\"><div><div class=\\"flex-container image-container\\"><div>MockImage</div><div class=\\"obojobo-draft--components--button alt-action is-not-dangerous align-center\\"><button class=\\"button\\" contenteditable=\\"false\\">Change Image...</button></div></div><label for=\\"obojobo-draft--chunks--figure--alt\\">Alt Text:</label><input type=\\"text\\" id=\\"obojobo-draft--chunks--figure--alt\\" size=\\"50\\" placeholder=\\"Describe the Image\\" value=\\"\\"><label for=\\"obojobo-draft--chunks--figure--size\\">Size:</label><div id=\\"obojobo-draft--chunks--figure--size\\" role=\\"radiogroup\\" aria-label=\\"Select size for image\\"><div class=\\"size-input\\"><input type=\\"radio\\" name=\\"size\\" id=\\"obojobo-draft--chunks--figure--size-large\\" value=\\"large\\"><label for=\\"obojobo-draft--chunks--figure--size-large\\">Large</label></div><div class=\\"size-input\\"><input type=\\"radio\\" name=\\"size\\" id=\\"obojobo-draft--chunks--figure--size-medium\\" value=\\"medium\\"><label for=\\"obojobo-draft--chunks--figure--size-medium\\">Medium</label></div><div class=\\"size-input\\"><input type=\\"radio\\" name=\\"size\\" id=\\"obojobo-draft--chunks--figure--size-small\\" value=\\"small\\"><label for=\\"obojobo-draft--chunks--figure--size-small\\">Small</label></div><div class=\\"size-input\\"><input type=\\"radio\\" name=\\"size\\" id=\\"obojobo-draft--chunks--figure--size-custom\\" value=\\"custom\\"><label for=\\"obojobo-draft--chunks--figure--size-custom\\">Custom</label></div></div></div></div></div><div class=\\"controls\\"><div class=\\"obojobo-draft--components--button alt-action is-not-dangerous align-center\\"><button class=\\"button\\" contenteditable=\\"false\\">Cancel</button></div><div class=\\"obojobo-draft--components--button is-not-dangerous align-center\\"><button class=\\"button\\" contenteditable=\\"false\\" tabindex=\\"0\\">OK</button></div></div></div><input class=\\"last-tab\\" type=\\"text\\"></div></div></div>"`;
